// Jest Snapshot v1, https://goo.gl/fbAQLP

exports[`Pruebas del componente <ImagenItem /> Debe de hacer un match con el snapshot 1`] = `
<div>
  <div
    class="card"
  >
    <img
      alt="Titulo para pruebas"
      src="https://www.pruebas.com/imagenitem.html"
    />
    <p>
      Titulo para pruebas
    </p>
  </div>
</div>
`;
